Available Automated Scenarios:
==================================================
ò Quick Test
  Description: Fast single match for testing
  Matches: 1
  Est. Duration: 45.0 seconds

ò Basic Match
  Description: Standard single match simulation
  Matches: 1
  Est. Duration: 90.0 seconds

ò Training Session
  Description: Multiple matches for training
  Matches: 5
  Est. Duration: 600.0 seconds

ò Tournament Day
  Description: Full tournament simulation
  Matches: 20
  Est. Duration: 4200.0 seconds

ò Championship
  Description: High-intensity championship matches
  Matches: 8
  Est. Duration: 2160.0 seconds

ò Demo Mode
  Description: Short demo for testing overlays
  Matches: 1
  Est. Duration: 60.0 seconds

ò Intensive Training
  Description: High-frequency events for stress testing
  Matches: 3
  Est. Duration: 360.0 seconds

ò Olympic Style
  Description: Olympic-level competition simulation
  Matches: 6
  Est. Duration: 1980.0 seconds

